../Core/Src/icm20948.c:33:6:icm20948_init	8	static
../Core/Src/icm20948.c:60:6:ak09916_init	8	static
../Core/Src/icm20948.c:72:6:icm20948_gyro_read	24	static
../Core/Src/icm20948.c:81:6:icm20948_accel_read	24	static
../Core/Src/icm20948.c:91:6:ak09916_mag_read	32	static
../Core/Src/icm20948.c:111:6:icm20948_gyro_read_dps	16	static
../Core/Src/icm20948.c:120:6:icm20948_accel_read_g	16	static
../Core/Src/icm20948.c:129:6:ak09916_mag_read_uT	32	static
../Core/Src/icm20948.c:144:6:icm20948_who_am_i	16	static
../Core/Src/icm20948.c:154:6:ak09916_who_am_i	16	static
../Core/Src/icm20948.c:164:6:icm20948_device_reset	8	static
../Core/Src/icm20948.c:170:6:ak09916_soft_reset	8	static
../Core/Src/icm20948.c:176:6:icm20948_wakeup	16	static
../Core/Src/icm20948.c:185:6:icm20948_sleep	16	static
../Core/Src/icm20948.c:194:6:icm20948_spi_slave_enable	16	static
../Core/Src/icm20948.c:202:6:icm20948_i2c_master_reset	16	static
../Core/Src/icm20948.c:210:6:icm20948_i2c_master_enable	16	static
../Core/Src/icm20948.c:219:6:icm20948_i2c_master_clk_frq	24	static
../Core/Src/icm20948.c:227:6:icm20948_clock_source	24	static
../Core/Src/icm20948.c:235:6:icm20948_odr_align_enable	8	static
../Core/Src/icm20948.c:240:6:icm20948_gyro_low_pass_filter	24	static
../Core/Src/icm20948.c:248:6:icm20948_accel_low_pass_filter	24	static
../Core/Src/icm20948.c:256:6:icm20948_gyro_sample_rate_divider	16	static
../Core/Src/icm20948.c:261:6:icm20948_accel_sample_rate_divider	24	static
../Core/Src/icm20948.c:270:6:ak09916_operation_mode_setting	16	static
../Core/Src/icm20948.c:276:6:icm20948_gyro_calibration	48	static
../Core/Src/icm20948.c:308:6:icm20948_accel_calibration	72	static
../Core/Src/icm20948.c:366:6:icm20948_gyro_full_scale_select	24	static
../Core/Src/icm20948.c:393:6:icm20948_accel_full_scale_select	24	static
../Core/Src/icm20948.c:422:13:cs_high	8	static
../Core/Src/icm20948.c:427:13:cs_low	8	static
../Core/Src/icm20948.c:432:13:select_user_bank	24	static
../Core/Src/icm20948.c:443:16:read_single_icm20948_reg	24	static
../Core/Src/icm20948.c:461:13:write_single_icm20948_reg	24	static
../Core/Src/icm20948.c:474:17:read_multiple_icm20948_reg	24	static
../Core/Src/icm20948.c:488:13:write_multiple_icm20948_reg	24	static
../Core/Src/icm20948.c:499:16:read_single_ak09916_reg	16	static
../Core/Src/icm20948.c:509:13:write_single_ak09916_reg	16	static
../Core/Src/icm20948.c:517:17:read_multiple_ak09916_reg	16	static
